// Jest Snapshot v1, https://goo.gl/fbAQLP

exports[`ProductsList.test.js has the expected html structure 1`] = `
<section
  class="products-list"
>
  <h2>
    
    Product List
  
  </h2>
   
  <ul
    class="products"
  >
    <li
      class="product"
    >
      <p
        class="products__title"
      >
        
    Product name:
    
        <strong>
          
      Hera Pullover Hoodie
    
        </strong>
      </p>
       
      <span
        class="product__price"
      >
        
    Price:

    
        <strong>
          
      $48.00
    
        </strong>
      </span>
       
      <div
        class="products__handler"
      >
        <p
          class="products__information"
        >
          
      Product details:
    
        </p>
         
        <span
          class="products__detail"
        >
          
        Color:
        
          <strong>
            
          Blue
        
          </strong>
        </span>
        <span
          class="products__detail"
        >
          
        Size:
        
          <strong>
            
          XS
        
          </strong>
        </span>
         
        <span
          class="products__detail"
        >
          
      Qty:
      
          <strong>
            
        1
      
          </strong>
        </span>
         
        <!---->
      </div>
    </li>
  </ul>
</section>
`;
